// Jest Snapshot v1, https://goo.gl/fbAQLP

exports[`Given the LeagueTabs component with provided props when the component is rendered should match the snapshot 1`] = `
<ForwardRef(styled.div)>
  <LeagueTab
    country="GBR"
    key="SBTC_01"
    name="SortofLeague"
  >
    SortofLeague
  </LeagueTab>
  <LeagueTab
    country="USA"
    key="SBTC_02"
    name="AnotherLeague"
  >
    AnotherLeague
  </LeagueTab>
</ForwardRef(styled.div)>
`;
