// Jest Snapshot v1, https://goo.gl/fbAQLP

exports[`Given the LeaguesTab component with provided props when the component is rendered should match the snapshot 1`] = `
<ForwardRef(styled.div)>
  <LeaguesTabItem
    country="GBR"
    key="SBTC_01"
    name="SortofLeague"
  >
    SortofLeague
  </LeaguesTabItem>
  <LeaguesTabItem
    country="USA"
    key="SBTC_02"
    name="AnotherLeague"
  >
    AnotherLeague
  </LeaguesTabItem>
</ForwardRef(styled.div)>
`;
