// Jest Snapshot v1, https://goo.gl/fbAQLP

exports[`Given the SideMenu component when sports are not provided should match the snapshot 2 1`] = `
<ForwardRef(styled.div)>
  Smth went really wrong
</ForwardRef(styled.div)>
`;

exports[`Given the SideMenu component when the component is rendered should match the snapshot 1 1`] = `
<ForwardRef(styled.div)>
  <SideMenuItemContainer
    active={true}
    id="SBTC_01"
    key="SBTC_01"
    onClick={[MockFunction]}
  >
    SortofLeague
     - 
  </SideMenuItemContainer>
  <SideMenuItemContainer
    active={false}
    id="SBTC_02"
    key="SBTC_02"
    onClick={[MockFunction]}
  >
    AnotherLeague
     - 
  </SideMenuItemContainer>
</ForwardRef(styled.div)>
`;
